// Jest Snapshot v1, https://goo.gl/fbAQLP

exports[`Emoji.js checks if it Emoji.js renders properly 1`] = `ShallowWrapper {}`;
