// Jest Snapshot v1, https://goo.gl/fbAQLP

exports[`Test.js checks if it QuizFinished.js renders properly 1`] = `ShallowWrapper {}`;
