// Jest Snapshot v1, https://goo.gl/fbAQLP

exports[`checks if it Categories.js renders properly 1`] = `ShallowWrapper {}`;
