// Jest Snapshot v1, https://goo.gl/fbAQLP

exports[`checks if it Type.js renders properly 1`] = `ShallowWrapper {}`;
